smartctl 6.6 2016-05-31 r4324 [x86_64-linux-5.3.0-40-generic] (local build)
Copyright (C) 2002-16, Bruce Allen, Christian Franke, www.smartmontools.org

=== START OF INFORMATION SECTION ===
Model Family:     Hitachi Travelstar 5K500.B
Device Model:     Hitachi HTS545016B9A300
Serial Number:    101122PBPB08EC0UJGNF
LU WWN Device Id: 5 000cca 601cb9b1d
Firmware Version: PBBOC60S
User Capacity:    160.041.885.696 bytes [160 GB]
Sector Size:      512 bytes logical/physical
Rotation Rate:    5400 rpm
Form Factor:      2.5 inches
Device is:        In smartctl database [for details use: -P show]
ATA Version is:   ATA8-ACS T13/1699-D revision 6
SATA Version is:  SATA 2.6, 3.0 Gb/s
Local Time is:    Sun Mar  1 19:11:37 2020 CET
SMART support is: Available - device has SMART capability.
SMART support is: Enabled
AAM feature is:   Disabled
APM level is:     128 (minimum power consumption without standby)
Rd look-ahead is: Enabled
Write cache is:   Enabled
ATA Security is:  Disabled, NOT FROZEN [SEC1]
Wt Cache Reorder: Enabled

=== START OF READ SMART DATA SECTION ===
SMART overall-health self-assessment test result: PASSED

General SMART Values:
Offline data collection status:  (0x00)	Offline data collection activity
					was never started.
					Auto Offline Data Collection: Disabled.
Self-test execution status:      (   0)	The previous self-test routine completed
					without error or no self-test has ever 
					been run.
Total time to complete Offline 
data collection: 		(  645) seconds.
Offline data collection
capabilities: 			 (0x5b) SMART execute Offline immediate.
					Auto Offline data collection on/off support.
					Suspend Offline collection upon new
					command.
					Offline surface scan supported.
					Self-test supported.
					No Conveyance Self-test supported.
					Selective Self-test supported.
SMART capabilities:            (0x0003)	Saves SMART data before entering
					power-saving mode.
					Supports SMART auto save timer.
Error logging capability:        (0x01)	Error logging supported.
					General Purpose Logging supported.
Short self-test routine 
recommended polling time: 	 (   2) minutes.
Extended self-test routine
recommended polling time: 	 (  65) minutes.
SCT capabilities: 	       (0x003d)	SCT Status supported.
					SCT Error Recovery Control supported.
					SCT Feature Control supported.
					SCT Data Table supported.

SMART Attributes Data Structure revision number: 16
Vendor Specific SMART Attributes with Thresholds:
ID# ATTRIBUTE_NAME          FLAGS    VALUE WORST THRESH FAIL RAW_VALUE
  1 Raw_Read_Error_Rate     PO-R--   100   100   062    -    0
  2 Throughput_Performance  --S---   100   100   000    -    0
  3 Spin_Up_Time            POS---   201   201   033    -    1
  4 Start_Stop_Count        -O--C-   100   100   000    -    53
  5 Reallocated_Sector_Ct   PO--CK   100   100   005    -    0
  7 Seek_Error_Rate         -O-R--   100   100   000    -    0
  8 Seek_Time_Performance   --S---   100   100   000    -    0
  9 Power_On_Hours          -O--C-   100   100   000    -    77
 10 Spin_Retry_Count        -O--C-   100   100   000    -    0
 12 Power_Cycle_Count       -O--CK   100   100   000    -    42
160 Unknown_Attribute       -O-RCK   001   001   000    -    0
191 G-Sense_Error_Rate      -O-R--   100   100   000    -    0
192 Power-Off_Retract_Count -O--CK   100   100   000    -    18
193 Load_Cycle_Count        -O--C-   100   100   000    -    527
194 Temperature_Celsius     -O----   177   177   000    -    31 (Min/Max 16/41)
196 Reallocated_Event_Count -O--CK   100   100   000    -    0
197 Current_Pending_Sector  -O---K   100   100   000    -    0
198 Offline_Uncorrectable   ---R--   100   100   000    -    0
199 UDMA_CRC_Error_Count    -O-R--   200   200   000    -    0
223 Load_Retry_Count        -O-R--   100   100   000    -    0
240 Head_Flying_Hours       -O--CK   100   100   000    -    24
241 Total_LBAs_Written      -O--CK   100   100   000    -    112404672
242 Total_LBAs_Read         -O--CK   100   100   000    -    2191094325
254 Free_Fall_Sensor        -O--CK   100   100   000    -    3
                            ||||||_ K auto-keep
                            |||||__ C event count
                            ||||___ R error rate
                            |||____ S speed/performance
                            ||_____ O updated online
                            |______ P prefailure warning

General Purpose Log Directory Version 1
SMART           Log Directory Version 1 [multi-sector log support]
Address    Access  R/W   Size  Description
0x00       GPL,SL  R/O      1  Log Directory
0x01           SL  R/O      1  Summary SMART error log
0x02           SL  R/O      1  Comprehensive SMART error log
0x03       GPL     R/O      1  Ext. Comprehensive SMART error log
0x06           SL  R/O      1  SMART self-test log
0x07       GPL     R/O      1  Extended self-test log
0x09           SL  R/W      1  Selective self-test log
0x10       GPL     R/O      1  SATA NCQ Queued Error log
0x11       GPL     R/O      1  SATA Phy Event Counters log
0x80-0x9f  GPL,SL  R/W     16  Host vendor specific log
0xa2           SL  VS       1  Device vendor specific log
0xe0       GPL,SL  R/W      1  SCT Command/Status
0xe1       GPL,SL  R/W      1  SCT Data Transfer

SMART Extended Comprehensive Error Log Version: 1 (1 sectors)
No Errors Logged

SMART Extended Self-test Log Version: 1 (1 sectors)
Num  Test_Description    Status                  Remaining  LifeTime(hours)  LBA_of_first_error
# 1  Short offline       Completed without error       00%         1         -
# 2  Short offline       Completed without error       00%         1         -
# 3  Short offline       Completed without error       00%         1         -
# 4  Short offline       Completed without error       00%         1         -

SMART Selective self-test log data structure revision number 1
 SPAN  MIN_LBA  MAX_LBA  CURRENT_TEST_STATUS
    1        0        0  Not_testing
    2        0        0  Not_testing
    3        0        0  Not_testing
    4        0        0  Not_testing
    5        0        0  Not_testing
Selective self-test flags (0x0):
  After scanning selected spans, do NOT read-scan remainder of disk.
If Selective self-test is pending on power-up, resume after 0 minute delay.

SCT Status Version:                  3
SCT Version (vendor specific):       256 (0x0100)
SCT Support Level:                   1
Device State:                        Active (0)
Current Temperature:                    31 Celsius
Power Cycle Min/Max Temperature:     24/31 Celsius
Lifetime    Min/Max Temperature:     16/41 Celsius
Lifetime    Average Temperature:        32 Celsius
Under/Over Temperature Limit Count:   0/0

SCT Temperature History Version:     2
Temperature Sampling Period:         1 minute
Temperature Logging Interval:        10 minutes
Min/Max recommended Temperature:     15/55 Celsius
Min/Max Temperature Limit:           10/60 Celsius
Temperature History Size (Index):    478 (140)

Index    Estimated Time   Temperature Celsius
 141    2020-02-27 11:40    28  *********
 142    2020-02-27 11:50    29  **********
 143    2020-02-27 12:00    30  ***********
 144    2020-02-27 12:10    32  *************
 145    2020-02-27 12:20    32  *************
 146    2020-02-27 12:30    33  **************
 147    2020-02-27 12:40    36  *****************
 ...    ..(  4 skipped).    ..  *****************
 152    2020-02-27 13:30    36  *****************
 153    2020-02-27 13:40    34  ***************
 154    2020-02-27 13:50    35  ****************
 155    2020-02-27 14:00    35  ****************
 156    2020-02-27 14:10    35  ****************
 157    2020-02-27 14:20    36  *****************
 158    2020-02-27 14:30    36  *****************
 159    2020-02-27 14:40    37  ******************
 160    2020-02-27 14:50    39  ********************
 161    2020-02-27 15:00    40  *********************
 162    2020-02-27 15:10    38  *******************
 163    2020-02-27 15:20    35  ****************
 164    2020-02-27 15:30    35  ****************
 165    2020-02-27 15:40    21  **
 166    2020-02-27 15:50    26  *******
 167    2020-02-27 16:00    32  *************
 168    2020-02-27 16:10    36  *****************
 169    2020-02-27 16:20    38  *******************
 170    2020-02-27 16:30    40  *********************
 171    2020-02-27 16:40    21  **
 172    2020-02-27 16:50    18  -
 173    2020-02-27 17:00    18  -
 174    2020-02-27 17:10    18  -
 175    2020-02-27 17:20    22  ***
 176    2020-02-27 17:30    22  ***
 177    2020-02-27 17:40    22  ***
 178    2020-02-27 17:50    27  ********
 179    2020-02-27 18:00    30  ***********
 180    2020-02-27 18:10    33  **************
 181    2020-02-27 18:20    35  ****************
 182    2020-02-27 18:30    37  ******************
 183    2020-02-27 18:40    19  -
 184    2020-02-27 18:50    24  *****
 185    2020-02-27 19:00    28  *********
 186    2020-02-27 19:10    29  **********
 187    2020-02-27 19:20    29  **********
 188    2020-02-27 19:30    30  ***********
 ...    ..(  3 skipped).    ..  ***********
 192    2020-02-27 20:10    30  ***********
 193    2020-02-27 20:20    21  **
 194    2020-02-27 20:30    18  -
 195    2020-02-27 20:40    19  -
 196    2020-02-27 20:50    20  *
 197    2020-02-27 21:00    16  -
 198    2020-02-27 21:10    18  -
 199    2020-02-27 21:20    21  **
 200    2020-02-27 21:30    25  ******
 201    2020-02-27 21:40    29  **********
 202    2020-02-27 21:50    30  ***********
 203    2020-02-27 22:00    33  **************
 204    2020-02-27 22:10    39  ********************
 205    2020-02-27 22:20    40  *********************
 ...    ..(  2 skipped).    ..  *********************
 208    2020-02-27 22:50    40  *********************
 209    2020-02-27 23:00    37  ******************
 210    2020-02-27 23:10    36  *****************
 211    2020-02-27 23:20    34  ***************
 212    2020-02-27 23:30    33  **************
 213    2020-02-27 23:40    32  *************
 ...    ..(  2 skipped).    ..  *************
 216    2020-02-28 00:10    32  *************
 217    2020-02-28 00:20    31  ************
 218    2020-02-28 00:30    27  ********
 219    2020-02-28 00:40    30  ***********
 220    2020-02-28 00:50    33  **************
 221    2020-02-28 01:00    38  *******************
 222    2020-02-28 01:10    39  ********************
 ...    ..( 10 skipped).    ..  ********************
 233    2020-02-28 03:00    39  ********************
 234    2020-02-28 03:10    37  ******************
 235    2020-02-28 03:20    34  ***************
 236    2020-02-28 03:30    32  *************
 237    2020-02-28 03:40    31  ************
 238    2020-02-28 03:50    31  ************
 239    2020-02-28 04:00    32  *************
 240    2020-02-28 04:10    36  *****************
 241    2020-02-28 04:20    38  *******************
 ...    ..(  4 skipped).    ..  *******************
 246    2020-02-28 05:10    38  *******************
 247    2020-02-28 05:20    39  ********************
 248    2020-02-28 05:30    39  ********************
 249    2020-02-28 05:40    38  *******************
 250    2020-02-28 05:50    39  ********************
 251    2020-02-28 06:00    39  ********************
 252    2020-02-28 06:10    39  ********************
 253    2020-02-28 06:20    38  *******************
 ...    ..(  6 skipped).    ..  *******************
 260    2020-02-28 07:30    38  *******************
 261    2020-02-28 07:40    33  **************
 262    2020-02-28 07:50    32  *************
 263    2020-02-28 08:00    30  ***********
 264    2020-02-28 08:10    30  ***********
 265    2020-02-28 08:20    29  **********
 ...    ..(  5 skipped).    ..  **********
 271    2020-02-28 09:20    29  **********
 272    2020-02-28 09:30    31  ************
 273    2020-02-28 09:40    33  **************
 274    2020-02-28 09:50    32  *************
 275    2020-02-28 10:00    34  ***************
 276    2020-02-28 10:10    37  ******************
 277    2020-02-28 10:20    38  *******************
 ...    ..(  2 skipped).    ..  *******************
 280    2020-02-28 10:50    38  *******************
 281    2020-02-28 11:00    37  ******************
 282    2020-02-28 11:10    37  ******************
 283    2020-02-28 11:20    36  *****************
 284    2020-02-28 11:30    37  ******************
 285    2020-02-28 11:40    37  ******************
 286    2020-02-28 11:50    37  ******************
 287    2020-02-28 12:00    38  *******************
 ...    ..(  2 skipped).    ..  *******************
 290    2020-02-28 12:30    38  *******************
 291    2020-02-28 12:40    36  *****************
 292    2020-02-28 12:50    33  **************
 293    2020-02-28 13:00    31  ************
 294    2020-02-28 13:10    30  ***********
 295    2020-02-28 13:20    30  ***********
 296    2020-02-28 13:30    34  ***************
 297    2020-02-28 13:40    36  *****************
 298    2020-02-28 13:50    37  ******************
 299    2020-02-28 14:00    38  *******************
 ...    ..(  8 skipped).    ..  *******************
 308    2020-02-28 15:30    38  *******************
 309    2020-02-28 15:40    36  *****************
 310    2020-02-28 15:50    33  **************
 311    2020-02-28 16:00    31  ************
 312    2020-02-28 16:10    30  ***********
 313    2020-02-28 16:20    31  ************
 ...    ..(  2 skipped).    ..  ************
 316    2020-02-28 16:50    31  ************
 317    2020-02-28 17:00    30  ***********
 318    2020-02-28 17:10    29  **********
 ...    ..(  3 skipped).    ..  **********
 322    2020-02-28 17:50    29  **********
 323    2020-02-28 18:00    28  *********
 324    2020-02-28 18:10    29  **********
 ...    ..(  4 skipped).    ..  **********
 329    2020-02-28 19:00    29  **********
 330    2020-02-28 19:10    30  ***********
 ...    ..(  4 skipped).    ..  ***********
 335    2020-02-28 20:00    30  ***********
 336    2020-02-28 20:10    31  ************
 ...    ..(  8 skipped).    ..  ************
 345    2020-02-28 21:40    31  ************
 346    2020-02-28 21:50    32  *************
 347    2020-02-28 22:00    33  **************
 348    2020-02-28 22:10    33  **************
 349    2020-02-28 22:20    35  ****************
 350    2020-02-28 22:30    34  ***************
 351    2020-02-28 22:40    35  ****************
 352    2020-02-28 22:50    38  *******************
 353    2020-02-28 23:00    40  *********************
 354    2020-02-28 23:10    37  ******************
 355    2020-02-28 23:20    38  *******************
 356    2020-02-28 23:30    40  *********************
 357    2020-02-28 23:40    40  *********************
 358    2020-02-28 23:50    37  ******************
 359    2020-02-29 00:00    35  ****************
 360    2020-02-29 00:10    35  ****************
 361    2020-02-29 00:20    38  *******************
 362    2020-02-29 00:30    37  ******************
 363    2020-02-29 00:40    39  ********************
 364    2020-02-29 00:50    39  ********************
 365    2020-02-29 01:00    36  *****************
 366    2020-02-29 01:10    38  *******************
 367    2020-02-29 01:20    36  *****************
 368    2020-02-29 01:30    39  ********************
 369    2020-02-29 01:40    35  ****************
 370    2020-02-29 01:50    37  ******************
 371    2020-02-29 02:00    38  *******************
 372    2020-02-29 02:10    36  *****************
 373    2020-02-29 02:20    36  *****************
 374    2020-02-29 02:30    34  ***************
 375    2020-02-29 02:40    32  *************
 376    2020-02-29 02:50    31  ************
 377    2020-02-29 03:00    31  ************
 378    2020-02-29 03:10    31  ************
 379    2020-02-29 03:20    30  ***********
 ...    ..(  6 skipped).    ..  ***********
 386    2020-02-29 04:30    30  ***********
 387    2020-02-29 04:40    31  ************
 388    2020-02-29 04:50    32  *************
 389    2020-02-29 05:00    32  *************
 390    2020-02-29 05:10    31  ************
 391    2020-02-29 05:20    30  ***********
 ...    ..( 13 skipped).    ..  ***********
 405    2020-02-29 07:40    30  ***********
 406    2020-02-29 07:50    29  **********
 ...    ..( 12 skipped).    ..  **********
 419    2020-02-29 10:00    29  **********
 420    2020-02-29 10:10    30  ***********
 421    2020-02-29 10:20    31  ************
 422    2020-02-29 10:30    30  ***********
 423    2020-02-29 10:40    30  ***********
 424    2020-02-29 10:50    29  **********
 ...    ..( 33 skipped).    ..  **********
 458    2020-02-29 16:30    29  **********
 459    2020-02-29 16:40    28  *********
 ...    ..(  6 skipped).    ..  *********
 466    2020-02-29 17:50    28  *********
 467    2020-02-29 18:00    29  **********
 468    2020-02-29 18:10    29  **********
 469    2020-02-29 18:20    30  ***********
 470    2020-02-29 18:30    31  ************
 471    2020-02-29 18:40    30  ***********
 472    2020-02-29 18:50    30  ***********
 473    2020-02-29 19:00    35  ****************
 474    2020-02-29 19:10    38  *******************
 475    2020-02-29 19:20    39  ********************
 476    2020-02-29 19:30    39  ********************
 477    2020-02-29 19:40    38  *******************
   0    2020-02-29 19:50    37  ******************
   1    2020-02-29 20:00    36  *****************
   2    2020-02-29 20:10    38  *******************
   3    2020-02-29 20:20    35  ****************
   4    2020-02-29 20:30    33  **************
   5    2020-02-29 20:40    31  ************
   6    2020-02-29 20:50    31  ************
   7    2020-02-29 21:00    30  ***********
 ...    ..(  3 skipped).    ..  ***********
  11    2020-02-29 21:40    30  ***********
  12    2020-02-29 21:50    33  **************
  13    2020-02-29 22:00    36  *****************
  14    2020-02-29 22:10    36  *****************
  15    2020-02-29 22:20    36  *****************
  16    2020-02-29 22:30    38  *******************
 ...    ..(  2 skipped).    ..  *******************
  19    2020-02-29 23:00    38  *******************
  20    2020-02-29 23:10    39  ********************
  21    2020-02-29 23:20    36  *****************
  22    2020-02-29 23:30    36  *****************
  23    2020-02-29 23:40    38  *******************
  24    2020-02-29 23:50    38  *******************
  25    2020-03-01 00:00    38  *******************
  26    2020-03-01 00:10    39  ********************
  27    2020-03-01 00:20    39  ********************
  28    2020-03-01 00:30    39  ********************
  29    2020-03-01 00:40    36  *****************
  30    2020-03-01 00:50    35  ****************
  31    2020-03-01 01:00    37  ******************
  32    2020-03-01 01:10    38  *******************
  33    2020-03-01 01:20    37  ******************
  34    2020-03-01 01:30    35  ****************
  35    2020-03-01 01:40    36  *****************
  36    2020-03-01 01:50    37  ******************
  37    2020-03-01 02:00    36  *****************
  38    2020-03-01 02:10    36  *****************
  39    2020-03-01 02:20    37  ******************
  40    2020-03-01 02:30    35  ****************
  41    2020-03-01 02:40    33  **************
  42    2020-03-01 02:50    32  *************
  43    2020-03-01 03:00    31  ************
  44    2020-03-01 03:10    30  ***********
 ...    ..(  6 skipped).    ..  ***********
  51    2020-03-01 04:20    30  ***********
  52    2020-03-01 04:30    29  **********
 ...    ..( 30 skipped).    ..  **********
  83    2020-03-01 09:40    29  **********
  84    2020-03-01 09:50    28  *********
  85    2020-03-01 10:00    28  *********
  86    2020-03-01 10:10    29  **********
 ...    ..(  2 skipped).    ..  **********
  89    2020-03-01 10:40    29  **********
  90    2020-03-01 10:50    28  *********
 ...    ..( 38 skipped).    ..  *********
 129    2020-03-01 17:20    28  *********
 130    2020-03-01 17:30    27  ********
 ...    ..(  5 skipped).    ..  ********
 136    2020-03-01 18:30    27  ********
 137    2020-03-01 18:40    28  *********
 138    2020-03-01 18:50    24  *****
 139    2020-03-01 19:00    28  *********
 140    2020-03-01 19:10    30  ***********

SCT Error Recovery Control:
           Read: Disabled
          Write: Disabled

Device Statistics (GP/SMART Log 0x04) not supported

SATA Phy Event Counters (GP Log 0x11)
ID      Size     Value  Description
0x0001  2            0  Command failed due to ICRC error
0x0002  2            0  R_ERR response for data FIS
0x0005  2            0  R_ERR response for non-data FIS
0x0009  2            0  Transition from drive PhyRdy to drive PhyNRdy
0x000a  2            0  Device-to-host register FISes sent due to a COMRESET
0x000b  2            0  CRC errors within host-to-device FIS
0x000d  2            0  Non-CRC errors within host-to-device FIS

